nohup: ignoring input
2026-10-06T00:13:37Z INF Thank you for trying Cloudflare Tunnel. Doing so, without a Cloudflare account, is a quick way to experiment and try it out. However, be aware that these account-less Tunnels have no uptime guarantee, are subject to the Cloudflare Online Services Terms of Use (https://www.cloudflare.com/website-terms/), and Cloudflare reserves the right to investigate your use of Tunnels for violations of such terms. If you intend to use Tunnels in production you should use a pre-created named tunnel by following: https://developers.cloudflare.com/cloudflare-one/connections/connect-apps
2026-10-06T00:13:37Z INF Requesting new quick Tunnel on trycloudflare.com...
2026-10-06T00:13:43Z INF +--------------------------------------------------------------------------------------------+
2026-10-06T00:13:43Z INF |  Your quick Tunnel has been created! Visit it at (it may take some time to be reachable):  |
2026-10-06T00:13:43Z INF |  https://mystery-previews-computers-figured.trycloudflare.com                              |
2026-10-06T00:13:43Z INF +--------------------------------------------------------------------------------------------+
2026-10-06T00:13:43Z INF Cannot determine default configuration path. No file [config.yml config.yaml] in [~/.cloudflared ~/.cloudflare-warp ~/cloudflare-warp /etc/cloudflared /usr/local/etc/cloudflared]
2026-10-06T00:13:43Z INF Version 2026.10.0 (Checksum d33ff2d14475178d2012c2c56beba87389ac5ded27649519f198a7d3134a99db)
2026-10-06T00:13:43Z INF GOOS: linux, GOVersion: go1.26.8, GoArch: amd64
2026-10-06T00:13:43Z INF Settings: map[ha-connections:1 protocol:quic url:http://localhost:4173]
2026-10-06T00:13:43Z INF Autoupdate frequency is set autoupdateFreq=86400000
2026-10-06T00:13:43Z INF Generated Connector ID: 2e719420-26df-4699-8d55-b0b339617047
2026-10-06T00:13:43Z INF Initial protocol quic
2026-10-06T00:13:43Z INF ICMP proxy will use 21.0.9.196 as source for IPv4
2026-10-06T00:13:43Z INF ICMP proxy will use fe80::28a2:73ff:fe85:fccf in zone eth0 as source for IPv6
2026-10-06T00:13:43Z WRN The user running cloudflared process has a GID (group ID) that is not within ping_group_range. You might need to add that user to a group within that range, or instead update the range to encompass a group the user is already in by modifying /proc/sys/net/ipv4/ping_group_range. Otherwise cloudflared will not be able to ping this network error="Group ID 0 is not between ping group 1 to 0"
2026-10-06T00:13:43Z WRN ICMP proxy feature is disabled error="cannot create ICMPv4 proxy: Group ID 0 is not between ping group 1 to 0 nor ICMPv6 proxy: socket: permission denied"
2026-10-06T00:13:43Z INF ICMP proxy will use 21.0.9.196 as source for IPv4
2026-10-06T00:13:43Z INF ICMP proxy will use fe80::28a2:73ff:fe85:fccf in zone eth0 as source for IPv6
2026-10-06T00:13:43Z INF Starting metrics server on 127.0.0.1:20241/metrics
2026/10/06 00:13:43 failed to sufficiently increase receive buffer size (was: 208 kiB, wanted: 7168 kiB, got: 416 kiB). See https://github.com/quic-go/quic-go/wiki/UDP-Buffer-Sizes for details.
2026-10-06T00:13:43Z INF Tunnel connection curve preferences: [X25519MLKEM768 CurveID(65074) CurveP256] connIndex=0 event=0 ip=198.41.192.227
2026-10-06T00:13:43Z INF Registered tunnel connection connIndex=0 connection=b7208bb1-4aff-4c36-96f2-94638bc56b90 event=0 ip=198.41.192.227 location=sin19 protocol=quic
2026-10-06T00:13:49Z INF +-------------------------------------------------------------------------------------+
2026-10-06T00:13:49Z INF |                               CONNECTIVITY PRE-CHECKS                               |
2026-10-06T00:13:49Z INF +-------------------------------------------------------------------------------------+
2026-10-06T00:13:49Z INF |  COMPONENT         TARGET                     STATUS  DETAILS                       |
2026-10-06T00:13:49Z INF |  DNS Resolution    region1.v2.argotunnel.com  PASS    DNS Resolved successfully     |
2026-10-06T00:13:49Z INF |  DNS Resolution    region2.v2.argotunnel.com  PASS    DNS Resolved successfully     |
2026-10-06T00:13:49Z INF |  UDP Connectivity  region1.v2.argotunnel.com  PASS    QUIC connection successful    |
2026-10-06T00:13:49Z INF |  UDP Connectivity  region2.v2.argotunnel.com  PASS    QUIC connection successful    |
2026-10-06T00:13:49Z INF |  TCP Connectivity  region1.v2.argotunnel.com  PASS    HTTP/2 connection successful  |
2026-10-06T00:13:49Z INF |  TCP Connectivity  region2.v2.argotunnel.com  PASS    HTTP/2 connection successful  |
2026-10-06T00:13:49Z INF |  Cloudflare API    api.cloudflare.com:443     PASS    API is reachable              |
2026-10-06T00:13:49Z INF |                                                                                     |
2026-10-06T00:13:49Z INF |  SUMMARY: Environment is healthy. cloudflared will use 'quic' as primary protocol.  |
2026-10-06T00:13:49Z INF +-------------------------------------------------------------------------------------+
2026-10-06T00:13:49Z INF precheck component="DNS Resolution" details="DNS Resolved successfully" run_id=c6266afd-afb1-49d2-ba5d-9cc60e0fe334 status=pass target=region1.v2.argotunnel.com
2026-10-06T00:13:49Z INF precheck component="DNS Resolution" details="DNS Resolved successfully" run_id=c6266afd-afb1-49d2-ba5d-9cc60e0fe334 status=pass target=region2.v2.argotunnel.com
2026-10-06T00:13:49Z INF precheck component="UDP Connectivity" details="QUIC connection successful" run_id=c6266afd-afb1-49d2-ba5d-9cc60e0fe334 status=pass target=region1.v2.argotunnel.com
2026-10-06T00:13:49Z INF precheck component="UDP Connectivity" details="QUIC connection successful" run_id=c6266afd-afb1-49d2-ba5d-9cc60e0fe334 status=pass target=region2.v2.argotunnel.com
2026-10-06T00:13:49Z INF precheck component="TCP Connectivity" details="HTTP/2 connection successful" run_id=c6266afd-afb1-49d2-ba5d-9cc60e0fe334 status=pass target=region1.v2.argotunnel.com
2026-10-06T00:13:49Z INF precheck component="TCP Connectivity" details="HTTP/2 connection successful" run_id=c6266afd-afb1-49d2-ba5d-9cc60e0fe334 status=pass target=region2.v2.argotunnel.com
2026-10-06T00:13:49Z INF precheck component="Cloudflare API" details="API is reachable" run_id=c6266afd-afb1-49d2-ba5d-9cc60e0fe334 status=pass target=api.cloudflare.com:443
2026-10-06T00:13:49Z INF precheck complete hard_fail=false run_id=c6266afd-afb1-49d2-ba5d-9cc60e0fe334 suggested_protocol=quic
2026-10-06T00:26:55Z INF Initiating graceful shutdown due to signal terminated ...
2026-10-06T00:26:55Z INF Retrying connection in up to 2s connIndex=0 event=0 ip=198.41.192.227
2026-10-06T00:26:55Z ERR Connection terminated connIndex=0
2026-10-06T00:26:55Z ERR no more connections active and exiting
2026-10-06T00:26:55Z INF Tunnel server stopped
2026-10-06T00:26:55Z INF Metrics server stopped
