# Phase 1 Gate Log
# started: 2026-10-05T23:36:45.681Z
# cwd: /workspace

===== 2026-10-05T23:36:45.681Z RUN: pnpm check:deploy =====

> nowt@0.0.6 check:deploy /workspace
> node scripts/sync-deploy.mjs --check


===== 2026-10-05T23:36:46.314Z RUN: pnpm check:deploy:imports =====

> nowt@0.0.6 check:deploy:imports /workspace
> node scripts/check-deploy-imports.mjs

OK: 26 deploy JS modules have resolvable relative imports.

===== 2026-10-05T23:36:46.907Z RUN: pnpm -C packages/engine test =====

> @coding-game/engine@0.0.6 test /workspace/packages/engine
> tsc -p tsconfig.json --noEmit && node --test

TAP version 13
# Subtest: /workspace/packages/engine/test/_util/sha256.js
ok 1 - /workspace/packages/engine/test/_util/sha256.js
  ---
  duration_ms: 51.386706
  ...
# Subtest: /workspace/packages/engine/test/_util/stableStringify.js
ok 2 - /workspace/packages/engine/test/_util/stableStringify.js
  ---
  duration_ms: 61.130524
  ...
# Subtest: botVm: pc increments and wraps (len=2)
ok 3 - botVm: pc increments and wraps (len=2)
  ---
  duration_ms: 1.869265
  ...
# Subtest: botVm: JUMP sets pc to targetPc
ok 4 - botVm: JUMP sets pc to targetPc
  ---
  duration_ms: 0.21879
  ...
# Subtest: botVm: WAIT 2 blocks the next 2 ticks and advances pc when the wait completes
ok 5 - botVm: WAIT 2 blocks the next 2 ticks and advances pc when the wait completes
  ---
  duration_ms: 0.318235
  ...
# Subtest: botVm: SET_TIMER decrements at start-of-step
ok 6 - botVm: SET_TIMER decrements at start-of-step
  ---
  duration_ms: 0.226141
  ...
# Subtest: botVm: timers decrement and TIMER_DONE(T1) is observable next tick (IF_DO + PING())
ok 7 - botVm: timers decrement and TIMER_DONE(T1) is observable next tick (IF_DO + PING())
  ---
  duration_ms: 2.232016
  ...
# Subtest: botVm: IF_DO executes nested instruction when condition true (TIMER_ACTIVE)
ok 8 - botVm: IF_DO executes nested instruction when condition true (TIMER_ACTIVE)
  ---
  duration_ms: 0.971512
  ...
# Subtest: botVm: IF_JUMP short-circuit (HEALTH < 10 || UNKNOWN()) does not call UNKNOWN()
ok 9 - botVm: IF_JUMP short-circuit (HEALTH < 10 || UNKNOWN()) does not call UNKNOWN()
  ---
  duration_ms: 0.498172
  ...
# Subtest: botVm: IF_JUMP true jumps to targetPc
ok 10 - botVm: IF_JUMP true jumps to targetPc
  ---
  duration_ms: 0.289612
  ...
# Subtest: botVm: INVALID instruction resets pc to 1 (NOP + pc reset)
ok 11 - botVm: INVALID instruction resets pc to 1 (NOP + pc reset)
  ---
  duration_ms: 0.31707
  ...
# Subtest: botVm: unknown instruction kind is treated as INVALID and resets pc to 1
ok 12 - botVm: unknown instruction kind is treated as INVALID and resets pc to 1
  ---
  duration_ms: 0.301946
  ...
# Subtest: botVm: IF_DO does not execute nested control-flow (nested WAIT is ignored)
ok 13 - botVm: IF_DO does not execute nested control-flow (nested WAIT is ignored)
  ---
  duration_ms: 0.268541
  ...
# Subtest: botVm: timers continue decrementing during WAIT stalls
ok 14 - botVm: timers continue decrementing during WAIT stalls
  ---
  duration_ms: 0.2424
  ...
# Subtest: botVm: bot/powerup targets are independent registers
ok 15 - botVm: bot/powerup targets are independent registers
  ---
  duration_ms: 0.332092
  ...
# Subtest: botVm: register instructions clamp and are visible to expressions
ok 16 - botVm: register instructions clamp and are visible to expressions
  ---
  duration_ms: 0.364589
  ...
# Subtest: botVm: integration smoke - compile bot0 and step 10 ticks without crashing
ok 17 - botVm: integration smoke - compile bot0 and step 10 ticks without crashing
  ---
  duration_ms: 3.377437
  ...
# Subtest: normalizeToLen: axis-aligned vectors normalize to exact speed
ok 18 - normalizeToLen: axis-aligned vectors normalize to exact speed
  ---
  duration_ms: 2.207323
  ...
# Subtest: normalizeToLen: diagonal vector does not overspeed
ok 19 - normalizeToLen: diagonal vector does not overspeed
  ---
  duration_ms: 0.32198
  ...
# Subtest: normalizeToLen: 3-4-5 triangle scales correctly
ok 20 - normalizeToLen: 3-4-5 triangle scales correctly
  ---
  duration_ms: 0.23786
  ...
# Subtest: compileBotSource compiles example bots (bot0..bot6)
ok 21 - compileBotSource compiles example bots (bot0..bot6)
  ---
  duration_ms: 32.590398
  ...
# Subtest: compileBotSource compiles the new-module example bots (bot7 SNIPER, bot8 ROCKET, bot9 TELEPORT)
ok 22 - compileBotSource compiles the new-module example bots (bot7 SNIPER, bot8 ROCKET, bot9 TELEPORT)
  ---
  duration_ms: 3.775002
  ...
# Subtest: compileBotSource still normalizes legacy aliases for compatibility
ok 23 - compileBotSource still normalizes legacy aliases for compatibility
  ---
  duration_ms: 0.650012
  ...
# Subtest: compileBotSource emits a very small canonical core IR
ok 24 - compileBotSource emits a very small canonical core IR
  ---
  duration_ms: 5.733201
  ...
# (node:16511) [MODULE_TYPELESS_PACKAGE_JSON] Warning: Module type of file:///workspace/deploy/engine/src/index.js is not specified and it doesn't parse as CommonJS.
# Reparsing as ES module because module syntax was detected. This incurs a performance overhead.
# To eliminate this warning, add "type": "module" to /workspace/package.json.
# (Use `node --trace-warnings ...` to show where the warning was created)
# Subtest: deploy engine parity: idle baseline replay core matches authoritative engine
ok 25 - deploy engine parity: idle baseline replay core matches authoritative engine
  ---
  duration_ms: 20.584489
  ...
# Subtest: deploy engine parity: loadout normalization replay core matches authoritative engine
ok 26 - deploy engine parity: loadout normalization replay core matches authoritative engine
  ---
  duration_ms: 1.969059
  ...
# Subtest: deploy engine parity: bullet-target replay core matches authoritative engine
ok 27 - deploy engine parity: bullet-target replay core matches authoritative engine
  ---
  duration_ms: 8.610399
  ...
# Subtest: deploy engine parity: mine-target replay core matches authoritative engine
ok 28 - deploy engine parity: mine-target replay core matches authoritative engine
  ---
  duration_ms: 8.503963
  ...
# Subtest: deploy-time copies are in sync with authoritative sources
ok 29 - deploy-time copies are in sync with authoritative sources
  ---
  duration_ms: 73.803703
  ...
# Subtest: deploy sync target list covers mirrored replay, ruleset, and engine artifacts
ok 30 - deploy sync target list covers mirrored replay, ruleset, and engine artifacts
  ---
  duration_ms: 2.3861
  ...
# Subtest: parseDisplayNameFromScript: skips locked header directives
ok 31 - parseDisplayNameFromScript: skips locked header directives
  ---
  duration_ms: 1.73346
  ...
# Subtest: parseDisplayNameFromScript: only scans leading comment header
ok 32 - parseDisplayNameFromScript: only scans leading comment header
  ---
  duration_ms: 0.255964
  ...
# Subtest: deploy workshop static files expose the QA contract surface
ok 33 - deploy workshop static files expose the QA contract surface
  ---
  duration_ms: 2.243316
  ...
# Subtest: example bot0 aggressively chases the closest target and fires
ok 34 - example bot0 aggressively chases the closest target and fires
  ---
  duration_ms: 20.826131
  ...
# Subtest: example bot0 acquires a bullet target while dodging
ok 35 - example bot0 acquires a bullet target while dodging
  ---
  duration_ms: 5.869306
  ...
# Subtest: example bot1 patrols its home sector in the documented zone loop
ok 36 - example bot1 patrols its home sector in the documented zone loop
  ---
  duration_ms: 4.877234
  ...
# Subtest: example bot2 starts on BOT1 and rotates targets with explicit cycling
ok 37 - example bot2 starts on BOT1 and rotates targets with explicit cycling
  ---
  duration_ms: 5.545724
  ...
# Subtest: example bot3 holds its corner and lays mines in the bunker lane
ok 38 - example bot3 holds its corner and lays mines in the bunker lane
  ---
  duration_ms: 4.111151
  ...
# Subtest: example bot4 uses saw and shield bursts while rushing bullet bots
ok 39 - example bot4 uses saw and shield bursts while rushing bullet bots
  ---
  duration_ms: 16.490383
  ...
# Subtest: example bot5 takes up a center posture and uses grenade/drone support
ok 40 - example bot5 takes up a center posture and uses grenade/drone support
  ---
  duration_ms: 30.702072
  ...
# Subtest: example bot6 uses saw bursts and acquires bullet targets during aggressive skirmishing
ok 41 - example bot6 uses saw bursts and acquires bullet targets during aggressive skirmishing
  ---
  duration_ms: 29.895382
  ...
# Subtest: evalExpr: smoke test (HEALTH < 45 && POWERUP_EXISTS(HEALTH))
ok 42 - evalExpr: smoke test (HEALTH < 45 && POWERUP_EXISTS(HEALTH))
  ---
  duration_ms: 3.493099
  ...
# Subtest: evalExpr: short-circuit (0 == 1 && UNKNOWN()) does not call UNKNOWN()
ok 43 - evalExpr: short-circuit (0 == 1 && UNKNOWN()) does not call UNKNOWN()
  ---
  duration_ms: 0.350361
  ...
# Subtest: evalExpr: BOT_ALIVE + unary !
ok 44 - evalExpr: BOT_ALIVE + unary !
  ---
  duration_ms: 0.376394
  ...
# Subtest: evalExpr: TIMER semantics (TIMER_DONE && !TIMER_ACTIVE)
ok 45 - evalExpr: TIMER semantics (TIMER_DONE && !TIMER_ACTIVE)
  ---
  duration_ms: 0.359027
  ...
# Subtest: evalExpr: SLOT_READY(SLOT1) uses token args
ok 46 - evalExpr: SLOT_READY(SLOT1) uses token args
  ---
  duration_ms: 0.309938
  ...
# Subtest: evalExpr: DIST_TO_CLOSEST_BOT returns an int
ok 47 - evalExpr: DIST_TO_CLOSEST_BOT returns an int
  ---
  duration_ms: 0.252108
  ...
# Subtest: evalExpr: DRONE_COUNT returns an int
ok 48 - evalExpr: DRONE_COUNT returns an int
  ---
  duration_ms: 0.321508
  ...
# Subtest: evalExpr: extended built-ins (sector/zone/dist/powerups/bumps)
ok 49 - evalExpr: extended built-ins (sector/zone/dist/powerups/bumps)
  ---
  duration_ms: 12.721384
  ...
# Subtest: evalExpr: invalid DIST_TO_CLOSEST_POWERUP token returns {ok:false}
ok 50 - evalExpr: invalid DIST_TO_CLOSEST_POWERUP token returns {ok:false}
  ---
  duration_ms: 0.420892
  ...
# Subtest: evalExpr: unknown identifier returns {ok:false} (does not throw)
ok 51 - evalExpr: unknown identifier returns {ok:false} (does not throw)
  ---
  duration_ms: 0.463926
  ...
# Subtest: parseExpression: operator precedence (&& binds tighter than ||)
ok 52 - parseExpression: operator precedence (&& binds tighter than ||)
  ---
  duration_ms: 2.108711
  ...
# Subtest: parseExpression: parentheses override precedence
ok 53 - parseExpression: parentheses override precedence
  ---
  duration_ms: 0.41315
  ...
# Subtest: parseExpression: unary ! binds to the following expression
ok 54 - parseExpression: unary ! binds to the following expression
  ---
  duration_ms: 1.326112
  ...
# Subtest: parseExpression: function calls with multiple args
ok 55 - parseExpression: function calls with multiple args
  ---
  duration_ms: 0.896012
  ...
# Subtest: parseExpression: errors on malformed input
ok 56 - parseExpression: errors on malformed input
  ---
  duration_ms: 0.662456
  ...
# Subtest: /workspace/packages/engine/test/golden/checkGoldens.mjs
ok 14 - /workspace/packages/engine/test/golden/checkGoldens.mjs
  ---
  duration_ms: 41.950421
  ...
# Subtest: /workspace/packages/engine/test/golden/goldenHarnessUtil.js
ok 15 - /workspace/packages/engine/test/golden/goldenHarnessUtil.js
  ---
  duration_ms: 54.194629
  ...
# Subtest: golden: examples_smoke_seed123
ok 59 - golden: examples_smoke_seed123
  ---
  duration_ms: 43.370048
  ...
# Subtest: golden: examples_patrol_seed456
ok 60 - golden: examples_patrol_seed456
  ---
  duration_ms: 25.48595
  ...
# Subtest: golden: modules_powerups_seed999
ok 61 - golden: modules_powerups_seed999
  ---
  duration_ms: 62.266118
  ...
# Subtest: golden: modules_saw_rush_seed777
ok 62 - golden: modules_saw_rush_seed777
  ---
  duration_ms: 94.771128
  ...
# Subtest: runMatchToReplay: normalizes loadout (unknown modules => null) deterministically
ok 63 - runMatchToReplay: normalizes loadout (unknown modules => null) deterministically
  ---
  duration_ms: 5.407695
  ...
# Subtest: runMatchToReplay: normalizes loadout (duplicates removed; keep earliest)
ok 64 - runMatchToReplay: normalizes loadout (duplicates removed; keep earliest)
  ---
  duration_ms: 10.768714
  ...
# Subtest: runMatchToReplay: normalizes loadout (multi-weapon removed; keep earliest)
ok 65 - runMatchToReplay: normalizes loadout (multi-weapon removed; keep earliest)
  ---
  duration_ms: 0.569793
  ...
# Subtest: runMatchToReplay: loadout normalization issues are stable and ordered deterministically
ok 66 - runMatchToReplay: loadout normalization issues are stable and ordered deterministically
  ---
  duration_ms: 0.469791
  ...
# Subtest: replay contract: header/state shape matches the documented 0.2.0 schema
ok 67 - replay contract: header/state shape matches the documented 0.2.0 schema
  ---
  duration_ms: 8.502012
  ...
# Subtest: runMatchToReplay: deterministic for same seed + bots
ok 68 - runMatchToReplay: deterministic for same seed + bots
  ---
  duration_ms: 24.89028
  ...
# Subtest: runMatchToReplay: ARMOR reduces bullet damage (events + state)
ok 69 - runMatchToReplay: ARMOR reduces bullet damage (events + state)
  ---
  duration_ms: 18.702082
  ...
# Subtest: runMatchToReplay: SHIELD + ARMOR ordering is shield first, then armor (odd rounding)
ok 70 - runMatchToReplay: SHIELD + ARMOR ordering is shield first, then armor (odd rounding)
  ---
  duration_ms: 3.622192
  ...
# Subtest: runMatchToReplay: ARMOR reduces SAW damage
ok 71 - runMatchToReplay: ARMOR reduces SAW damage
  ---
  duration_ms: 8.093109
  ...
# Subtest: runMatchToReplay: ARMOR applies to wall bump damage source (even if mitigation is a no-op at current constants)
ok 72 - runMatchToReplay: ARMOR applies to wall bump damage source (even if mitigation is a no-op at current constants)
  ---
  duration_ms: 1.028995
  ...
# Subtest: runMatchToReplay: ARMOR applies to bot bump damage source (even if mitigation is a no-op at current constants)
ok 73 - runMatchToReplay: ARMOR applies to bot bump damage source (even if mitigation is a no-op at current constants)
  ---
  duration_ms: 2.182483
  ...
# Subtest: runMatchToReplay: ARMOR applies a deterministic movement speed penalty
ok 74 - runMatchToReplay: ARMOR applies a deterministic movement speed penalty
  ---
  duration_ms: 2.381993
  ...
# Subtest: runMatchToReplay: bot bumps are paired, deal damage, and alive bots never overlap
ok 75 - runMatchToReplay: bot bumps are paired, deal damage, and alive bots never overlap
  ---
  duration_ms: 14.546572
  ...
# Subtest: stepBullets: nearest bot collision wins when multiple bots overlap the segment
ok 76 - stepBullets: nearest bot collision wins when multiple bots overlap the segment
  ---
  duration_ms: 2.792366
  ...
# Subtest: stepBullets: corner contact counts as a bot hit
ok 77 - stepBullets: corner contact counts as a bot hit
  ---
  duration_ms: 0.339713
  ...
# Subtest: stepBullets: exact tie between bot collisions resolves by slot order
ok 78 - stepBullets: exact tie between bot collisions resolves by slot order
  ---
  duration_ms: 0.344778
  ...
# Subtest: stepBullets: exact wall and bot tie resolves to wall first
ok 79 - stepBullets: exact wall and bot tie resolves to wall first
  ---
  duration_ms: 0.310434
  ...
# Subtest: Phase 3: TARGET_CLOSEST_BULLET + MOVE_AWAY_FROM_TARGET are wired (smoke)
ok 80 - Phase 3: TARGET_CLOSEST_BULLET + MOVE_AWAY_FROM_TARGET are wired (smoke)
  ---
  duration_ms: 11.391371
  ...
# Subtest: Phase 3: TARGET_CLOSEST_BULLET tie-break stays numeric for bullet ids >= 10
ok 81 - Phase 3: TARGET_CLOSEST_BULLET tie-break stays numeric for bullet ids >= 10
  ---
  duration_ms: 0.23393
  ...
# Subtest: runMatchToReplay: bullets despawn and ammo only decreases via SHOOT
ok 82 - runMatchToReplay: bullets despawn and ammo only decreases via SHOOT
  ---
  duration_ms: 25.898422
  ...
# Subtest: runMatchToReplay: BOT_EXEC reason vocabulary stays stable for common no-op cases
ok 83 - runMatchToReplay: BOT_EXEC reason vocabulary stays stable for common no-op cases
  ---
  duration_ms: 12.884784
  ...
# Subtest: runMatchToReplay: explicit loadout controls BULLET spawns; omitted loadout defaults to empty
ok 84 - runMatchToReplay: explicit loadout controls BULLET spawns; omitted loadout defaults to empty
  ---
  duration_ms: 79.030498
  ...
# Subtest: runMatchToReplay: GRENADE loadout fires through USE_SLOT and explodes after fuse expiry
ok 85 - runMatchToReplay: GRENADE loadout fires through USE_SLOT and explodes after fuse expiry
  ---
  duration_ms: 9.723699
  ...
# Subtest: runMatchToReplay: grenade explosion does not damage the owner
ok 86 - runMatchToReplay: grenade explosion does not damage the owner
  ---
  duration_ms: 2.112663
  ...
# Subtest: runMatchToReplay: GRENADE slot reports cooldown no-op reasons like other weapons
ok 87 - runMatchToReplay: GRENADE slot reports cooldown no-op reasons like other weapons
  ---
  duration_ms: 1.166626
  ...
# Subtest: runMatchToReplay: inactive slots start dead and do not participate
ok 88 - runMatchToReplay: inactive slots start dead and do not participate
  ---
  duration_ms: 7.596439
  ...
# Subtest: runMatchToReplay: wall-bump death is credited to last damaging bot
ok 89 - runMatchToReplay: wall-bump death is credited to last damaging bot
  ---
  duration_ms: 37.300708
  ...
# Subtest: runMatchToReplay: 4 idle bots ends early by STALEMATE (deterministic)
ok 90 - runMatchToReplay: 4 idle bots ends early by STALEMATE (deterministic)
  ---
  duration_ms: 40.820679
  ...
# Subtest: runMatchToReplay: MINE places, arms, triggers on enemy entry, and detonates
ok 91 - runMatchToReplay: MINE places, arms, triggers on enemy entry, and detonates
  ---
  duration_ms: 18.115833
  ...
# Subtest: runMatchToReplay: mine detonation does not damage the owner
ok 92 - runMatchToReplay: mine detonation does not damage the owner
  ---
  duration_ms: 4.834779
  ...
# Subtest: runMatchToReplay: MINE requires NONE target kind
ok 93 - runMatchToReplay: MINE requires NONE target kind
  ---
  duration_ms: 1.143587
  ...
# Subtest: runMatchToReplay: MINE follow-up use respects a longer cooldown before another placement
ok 94 - runMatchToReplay: MINE follow-up use respects a longer cooldown before another placement
  ---
  duration_ms: 2.247828
  ...
# Subtest: runMatchToReplay: TARGET_CLOSEST_MINE + MOVE_TO_TARGET are wired
ok 95 - runMatchToReplay: TARGET_CLOSEST_MINE + MOVE_TO_TARGET are wired
  ---
  duration_ms: 3.52456
  ...
# Subtest: findClosestEnemyMine tie-break stays numeric for mine ids >= 10
ok 96 - findClosestEnemyMine tie-break stays numeric for mine ids >= 10
  ---
  duration_ms: 0.223754
  ...
# Subtest: runMatchToReplay: SNIPER hits instantly through USE_SLOT
ok 97 - runMatchToReplay: SNIPER hits instantly through USE_SLOT
  ---
  duration_ms: 8.139923
  ...
# Subtest: runMatchToReplay: ROCKET uses explosive projectile path
ok 98 - runMatchToReplay: ROCKET uses explosive projectile path
  ---
  duration_ms: 6.138593
  ...
# Subtest: runMatchToReplay: TELEPORT moves to sector target and spends energy
ok 99 - runMatchToReplay: TELEPORT moves to sector target and spends energy
  ---
  duration_ms: 1.667696
  ...
# Subtest: runMatchToReplay: MOVE_TO_TARGET_UNTIL_IN_RANGE sets a persistent goal that self-clears at range
ok 100 - runMatchToReplay: MOVE_TO_TARGET_UNTIL_IN_RANGE sets a persistent goal that self-clears at range
  ---
  duration_ms: 9.992322
  ...
# Subtest: runMatchToReplay: MOVE_AWAY_FROM_TARGET_UNTIL_RANGE no-ops when already far enough
ok 101 - runMatchToReplay: MOVE_AWAY_FROM_TARGET_UNTIL_RANGE no-ops when already far enough
  ---
  duration_ms: 1.076358
  ...
# Subtest: runMatchToReplay: ORBIT_TARGET adds tangential movement around the current bot target
ok 102 - runMatchToReplay: ORBIT_TARGET adds tangential movement around the current bot target
  ---
  duration_ms: 1.238805
  ...
# Subtest: runMatchToReplay: bot can seek and pick up spawned powerups
ok 103 - runMatchToReplay: bot can seek and pick up spawned powerups
  ---
  duration_ms: 31.842515
  ...
# Subtest: runMatchToReplay: damaged bot can seek and benefit from a HEALTH powerup
ok 104 - runMatchToReplay: damaged bot can seek and benefit from a HEALTH powerup
  ---
  duration_ms: 27.185615
  ...
# Subtest: runMatchToReplay: bullet bot can consume ammo and refill from an AMMO powerup
ok 105 - runMatchToReplay: bullet bot can consume ammo and refill from an AMMO powerup
  ---
  duration_ms: 19.536037
  ...
# Subtest: runMatchToReplay: energy-using bot can drain energy and refill from an ENERGY powerup
ok 106 - runMatchToReplay: energy-using bot can drain energy and refill from an ENERGY powerup
  ---
  duration_ms: 49.163367
  ...
# Subtest: runMatchToReplay: powerups maxActive=6 and RULES TTL despawns when no pickups
ok 107 - runMatchToReplay: powerups maxActive=6 and RULES TTL despawns when no pickups
  ---
  duration_ms: 19.468377
  ...
# Subtest: runMatchToReplay: REPAIR_DRONE spawns, drains energy, and heals the owner
ok 108 - runMatchToReplay: REPAIR_DRONE spawns, drains energy, and heals the owner
  ---
  duration_ms: 15.978307
  ...
# Subtest: runMatchToReplay: STOP_SLOT dismisses active repair drones
ok 109 - runMatchToReplay: STOP_SLOT dismisses active repair drones
  ---
  duration_ms: 2.342168
  ...
# Subtest: runMatchToReplay: repair drones vanish when owner energy reaches zero
ok 110 - runMatchToReplay: repair drones vanish when owner energy reaches zero
  ---
  duration_ms: 8.006357
  ...
# Subtest: runMatchToReplay: REPAIR_DRONE requires SELF target kind
ok 111 - runMatchToReplay: REPAIR_DRONE requires SELF target kind
  ---
  duration_ms: 0.610926
  ...
# Subtest: runMatchToReplay: bullets can destroy repair drones
ok 112 - runMatchToReplay: bullets can destroy repair drones
  ---
  duration_ms: 2.883284
  ...
# Subtest: runMatchToReplay: SAW drains energy and deals damage (hp decreases deterministically)
ok 113 - runMatchToReplay: SAW drains energy and deals damage (hp decreases deterministically)
  ---
  duration_ms: 16.624249
  ...
# Subtest: runMatchToReplay: SAW match is deterministic for same seed + bots
ok 114 - runMatchToReplay: SAW match is deterministic for same seed + bots
  ---
  duration_ms: 14.153032
  ...
# Subtest: runMatchToReplay: non-saw bot still produces BULLET_SPAWN
ok 115 - runMatchToReplay: non-saw bot still produces BULLET_SPAWN
  ---
  duration_ms: 3.655141
  ...
# Subtest: runMatchToReplay: SHIELD reduces bullet damage and drains energy
ok 116 - runMatchToReplay: SHIELD reduces bullet damage and drains energy
  ---
  duration_ms: 17.473674
  ...
# Subtest: runMatchToReplay: end-to-end example match replay is deterministic, ends, and has no NaNs
ok 117 - runMatchToReplay: end-to-end example match replay is deterministic, ends, and has no NaNs
  ---
  duration_ms: 94.175997
  ...
# Subtest: runMatchToReplay: TARGET_CLOSEST is resolved at set time (does not change as bots move)
ok 118 - runMatchToReplay: TARGET_CLOSEST is resolved at set time (does not change as bots move)
  ---
  duration_ms: 11.236684
  ...
# Subtest: runMatchToReplay: wall bumps deal damage
ok 119 - runMatchToReplay: wall bumps deal damage
  ---
  duration_ms: 8.261486
  ...
1..119
# tests 119
# suites 0
# pass 119
# fail 0
# cancelled 0
# skipped 0
# todo 0
# duration_ms 5468.003793

===== 2026-10-05T23:36:53.693Z RUN: pnpm -C packages/replay test =====

> @coding-game/replay@0.0.6 test /workspace/packages/replay
> node --test

TAP version 13
1..0
# tests 0
# suites 0
# pass 0
# fail 0
# cancelled 0
# skipped 0
# todo 0
# duration_ms 4.899097

===== 2026-10-05T23:36:54.272Z RUN: pnpm -C apps/web test =====

> @nowt/web@0.0.6 test /workspace/apps/web
> vitest run


 RUN  v1.6.1 /workspace/apps/web

 ✓ src/serverClient.test.ts  (6 tests) 17ms
stderr | src/App.test.tsx > renders the landing page
⚠️ React Router Future Flag Warning: React Router will begin wrapping state updates in `React.startTransition` in v7. You can use the `v7_startTransition` future flag to opt-in early. For more information, see https://reactrouter.com/v6/upgrading/future#v7_starttransition.

 ✓ src/App.test.tsx  (4 tests) 1126ms
 ✓ src/exampleBots.test.ts  (14 tests) 54ms
 ✓ src/serverSimulation.test.ts  (5 tests) 14ms
 ✓ src/localBots.test.ts  (3 tests) 53ms
 ✓ src/botSourceDebug.test.ts  (3 tests) 4ms
 ✓ src/opponents.test.ts  (3 tests) 5ms
 ✓ src/worker/__tests__/runMatchLocal.smoke.test.ts  (4 tests) 146ms
 ✓ src/worker/__tests__/messages.test.ts  (3 tests) 10ms
 ✓ src/loadout.test.ts  (6 tests) 5ms
 ✓ src/replay/__tests__/loadoutWarnings.test.ts  (2 tests) 7ms
 ✓ src/replay/__tests__/interpolate.test.ts  (2 tests) 10ms
 ✓ src/worker/__tests__/seed.test.ts  (1 test) 3ms
 ✓ src/ui/arena/__tests__/arenaMath.test.ts  (2 tests) 30ms
 ✓ src/replay/__tests__/playbackReducer.test.ts  (1 test) 7ms

 Test Files  15 passed (15)
      Tests  59 passed (59)
   Start at  23:36:55
   Duration  14.76s (transform 1.33s, setup 1.84s, collect 2.07s, tests 1.49s, environment 4.42s, prepare 2.13s)


===== 2026-10-05T23:37:10.334Z RUN: pnpm build =====

> nowt@0.0.6 build /workspace
> pnpm -C apps/web build


> @nowt/web@0.0.6 build /workspace/apps/web
> tsc -b && vite build

vite v5.4.21 building for production...
transforming...
✓ 92 modules transformed.
rendering chunks...
computing gzip size...
dist/workshop/index.html                    0.39 kB │ gzip:   0.26 kB
dist/docs/index.html                        0.39 kB │ gzip:   0.26 kB
dist/docs/bot-instructions/index.html       0.39 kB │ gzip:   0.26 kB
dist/index.html                             1.29 kB │ gzip:   0.67 kB
dist/assets/simRunner.worker-DCxY1pGM.js   90.81 kB
dist/assets/main-nJx3wlaI.css               8.29 kB │ gzip:   2.13 kB
dist/assets/main-D66rcG9H.js              365.00 kB │ gzip: 112.16 kB
✓ built in 4.66s

===== 2026-10-05T23:37:16.684Z RUN: pnpm qa:workshop -- --serve --url http://127.0.0.1:8787 --app-url http://127.0.0.1:4173 =====

> nowt@0.0.6 qa:workshop /workspace
> node scripts/qa-workshop.mjs -- --serve --url http\://127.0.0.1\:8787 --app-url http\://127.0.0.1\:4173

[qa:workshop] Loading http://127.0.0.1:8787/workshop
[qa:workshop] Loading http://127.0.0.1:8787/workshop/
[qa:workshop] Clicking Run / Preview
[qa:workshop] Clicking Randomize opponents

[qa:workshop] (http://127.0.0.1:8787) Key resource response headers:
- workshop.js: 200 http://127.0.0.1:8787/workshop/workshop.js
{
  "cache-control": "no-cache",
  "content-length": "49927",
  "keep-alive": "timeout=5",
  "date": "Mon, 05 Oct 2026 23:37:18 GMT",
  "content-type": "text/javascript; charset=utf-8",
  "connection": "keep-alive"
}
- engineRunner.worker.js: 200 http://127.0.0.1:8787/workshop/engineRunner.worker.js
{
  "cache-control": "no-cache",
  "content-length": "1086",
  "keep-alive": "timeout=5",
  "date": "Mon, 05 Oct 2026 23:37:18 GMT",
  "content-type": "text/javascript; charset=utf-8",
  "connection": "keep-alive"
}
- engine/src/index.js: 200 http://127.0.0.1:8787/engine/src/index.js
{
  "cache-control": "no-cache",
  "content-length": "318",
  "keep-alive": "timeout=5",
  "date": "Mon, 05 Oct 2026 23:37:19 GMT",
  "content-type": "text/javascript; charset=utf-8",
  "connection": "keep-alive"
}

[qa:workshop] (http://127.0.0.1:8787) OK
[qa:workshop] Baseline parity: deploy=http://127.0.0.1:8787/workshop/ app=http://127.0.0.1:4173/workshop/

[qa:workshop] (parity http://127.0.0.1:8787 vs http://127.0.0.1:4173) OK (8f8665a0225b4b005571e4cd1c158efa0155b7d069d13307e530033ab39e8d1d)

===== 2026-10-05T23:37:23.170Z SUCCESS: Phase 1 gate complete =====
